C:/Users/Adi/Music/Stm32_img/STM32N6-GettingStarted-ImageClassification-main/STM32N6-GettingStarted-ImageClassification-main/kApplication/Src/tglib.c:131:12:draw_rect	24	static
C:/Users/Adi/Music/Stm32_img/STM32N6-GettingStarted-ImageClassification-main/STM32N6-GettingStarted-ImageClassification-main/kApplication/Src/tglib.c:45:4:tliblcd_init	8	static
C:/Users/Adi/Music/Stm32_img/STM32N6-GettingStarted-ImageClassification-main/STM32N6-GettingStarted-ImageClassification-main/kApplication/Src/tglib.c:64:4:tliblcd_get_height	0	static
C:/Users/Adi/Music/Stm32_img/STM32N6-GettingStarted-ImageClassification-main/STM32N6-GettingStarted-ImageClassification-main/kApplication/Src/tglib.c:72:4:tliblcd_get_width	0	static
C:/Users/Adi/Music/Stm32_img/STM32N6-GettingStarted-ImageClassification-main/STM32N6-GettingStarted-ImageClassification-main/kApplication/Src/tglib.c:80:6:tliblcd_onoff_lcd	24	static
C:/Users/Adi/Music/Stm32_img/STM32N6-GettingStarted-ImageClassification-main/STM32N6-GettingStarted-ImageClassification-main/kApplication/Src/tglib.c:98:6:tliblcd_clear_scr	24	static
C:/Users/Adi/Music/Stm32_img/STM32N6-GettingStarted-ImageClassification-main/STM32N6-GettingStarted-ImageClassification-main/kApplication/Src/tglib.c:108:6:tliblcd_draw_rect	40	static
