C:/Users/Adi/Music/Stm32_img/STM32N6-GettingStarted-ImageClassification-main/slam_tron/Application/Src/slam/tracking_thread/track_frames.c:7:6:reProjectPoints	112	static
C:/Users/Adi/Music/Stm32_img/STM32N6-GettingStarted-ImageClassification-main/slam_tron/Application/Src/slam/tracking_thread/track_frames.c:28:6:testLK	136	static
C:/Users/Adi/Music/Stm32_img/STM32N6-GettingStarted-ImageClassification-main/slam_tron/Application/Src/slam/tracking_thread/track_frames.c:56:5:bin_search	12	static
C:/Users/Adi/Music/Stm32_img/STM32N6-GettingStarted-ImageClassification-main/slam_tron/Application/Src/slam/tracking_thread/track_frames.c:71:6:computeProjectionError	24	static
C:/Users/Adi/Music/Stm32_img/STM32N6-GettingStarted-ImageClassification-main/slam_tron/Application/Src/slam/tracking_thread/track_frames.c:80:6:getImuPose	0	static
C:/Users/Adi/Music/Stm32_img/STM32N6-GettingStarted-ImageClassification-main/slam_tron/Application/Src/slam/tracking_thread/track_frames.c:84:6:estAbsPose	0	static
C:/Users/Adi/Music/Stm32_img/STM32N6-GettingStarted-ImageClassification-main/slam_tron/Application/Src/slam/tracking_thread/track_frames.c:88:6:updateOptimalPose	224	static
C:/Users/Adi/Music/Stm32_img/STM32N6-GettingStarted-ImageClassification-main/slam_tron/Application/Src/slam/tracking_thread/track_frames.c:99:9:decideKF	8	static
C:/Users/Adi/Music/Stm32_img/STM32N6-GettingStarted-ImageClassification-main/slam_tron/Application/Src/slam/tracking_thread/track_frames.c:107:5:tracking_thread	104	dynamic
