../../../../STM32Cube_FW_N6/Drivers/STM32N6xx_HAL_Driver/Inc/stm32n6xx_ll_bus.h:679:22:LL_MEM_EnableClock	8	static
../../../../STM32Cube_FW_N6/Drivers/STM32N6xx_HAL_Driver/Inc/stm32n6xx_ll_bus.h:785:22:LL_MEM_EnableClockLowPower	8	static
../../../../STM32Cube_FW_N6/Drivers/STM32N6xx_HAL_Driver/Inc/stm32n6xx_ll_bus.h:2065:22:LL_AHB5_GRP1_EnableClockLowPower	8	static
C:/Users/Adi/Music/Stm32_img/STM32N6-GettingStarted-ImageClassification-main/STM32N6-GettingStarted-ImageClassification-main/Application/STM32N6570-DK/Src/main.c:776:13:SystemClock_Config	632	static
C:/Users/Adi/Music/Stm32_img/STM32N6-GettingStarted-ImageClassification-main/STM32N6-GettingStarted-ImageClassification-main/Application/STM32N6570-DK/Src/main.c:414:6:IAC_IRQHandler	0	static
C:/Users/Adi/Music/Stm32_img/STM32N6-GettingStarted-ImageClassification-main/STM32N6-GettingStarted-ImageClassification-main/Application/STM32N6570-DK/Src/main.c:603:6:Display_Image	16	static
C:/Users/Adi/Music/Stm32_img/STM32N6-GettingStarted-ImageClassification-main/STM32N6-GettingStarted-ImageClassification-main/Application/STM32N6570-DK/Src/main.c:159:5:main	152	static,ignoring_inline_asm
C:/Users/Adi/Music/Stm32_img/STM32N6-GettingStarted-ImageClassification-main/STM32N6-GettingStarted-ImageClassification-main/Application/STM32N6570-DK/Src/main.c:609:5:int_to_str	40	static
C:/Users/Adi/Music/Stm32_img/STM32N6-GettingStarted-ImageClassification-main/STM32N6-GettingStarted-ImageClassification-main/Application/STM32N6570-DK/Src/main.c:644:6:array_to_string	24	static
C:/Users/Adi/Music/Stm32_img/STM32N6-GettingStarted-ImageClassification-main/STM32N6-GettingStarted-ImageClassification-main/Application/STM32N6570-DK/Src/main.c:749:19:MX_DCMIPP_ClockConfig	408	static
C:/Users/Adi/Music/Stm32_img/STM32N6-GettingStarted-ImageClassification-main/STM32N6-GettingStarted-ImageClassification-main/Application/STM32N6570-DK/Src/main.c:881:6:HAL_CACHEAXI_MspInit	16	static
C:/Users/Adi/Music/Stm32_img/STM32N6-GettingStarted-ImageClassification-main/STM32N6-GettingStarted-ImageClassification-main/Application/STM32N6570-DK/Src/main.c:889:6:HAL_CACHEAXI_MspDeInit	0	static
C:/Users/Adi/Music/Stm32_img/STM32N6-GettingStarted-ImageClassification-main/STM32N6-GettingStarted-ImageClassification-main/Application/STM32N6570-DK/Src/main.c:905:6:assert_failed	0	static,ignoring_inline_asm
