C:/Users/Adi/Music/Stm32_img/STM32N6-GettingStarted-ImageClassification-main/slam_tron/Application/Src/slam/dec_ess_triangulate/dec_ess_triangulate.c:3:6:jacobi_eigen_N	408	static
C:/Users/Adi/Music/Stm32_img/STM32N6-GettingStarted-ImageClassification-main/slam_tron/Application/Src/slam/dec_ess_triangulate/dec_ess_triangulate.c:47:6:compute_essential	904	static
C:/Users/Adi/Music/Stm32_img/STM32N6-GettingStarted-ImageClassification-main/slam_tron/Application/Src/slam/dec_ess_triangulate/dec_ess_triangulate.c:177:6:decompose_essential	344	static
C:/Users/Adi/Music/Stm32_img/STM32N6-GettingStarted-ImageClassification-main/slam_tron/Application/Src/slam/dec_ess_triangulate/dec_ess_triangulate.c:204:6:svd4_get_V	272	static
C:/Users/Adi/Music/Stm32_img/STM32N6-GettingStarted-ImageClassification-main/slam_tron/Application/Src/slam/dec_ess_triangulate/dec_ess_triangulate.c:251:6:triangulate_point	248	static
C:/Users/Adi/Music/Stm32_img/STM32N6-GettingStarted-ImageClassification-main/slam_tron/Application/Src/slam/dec_ess_triangulate/dec_ess_triangulate.c:295:6:triangulate_point_refined	432	static
C:/Users/Adi/Music/Stm32_img/STM32N6-GettingStarted-ImageClassification-main/slam_tron/Application/Src/slam/dec_ess_triangulate/dec_ess_triangulate.c:366:5:count_positive_depths	72	static
C:/Users/Adi/Music/Stm32_img/STM32N6-GettingStarted-ImageClassification-main/slam_tron/Application/Src/slam/dec_ess_triangulate/dec_ess_triangulate.c:379:6:choose_correct_pose	64	static
C:/Users/Adi/Music/Stm32_img/STM32N6-GettingStarted-ImageClassification-main/slam_tron/Application/Src/slam/dec_ess_triangulate/dec_ess_triangulate.c:398:6:triangulate_all	40	static
